// Jest Snapshot v1, https://goo.gl/fbAQLP

exports[`<FormikSpinButton /> renders correctly as a field component 1`] = `
<form
  onReset={[Function]}
  onSubmit={[Function]}
>
  <div
    className="css-47"
  >
    <div
      className="css-48"
    >
      <label
        className="ms-Label root-54"
        htmlFor="input2"
        id="Label1"
      >
        Rating
      </label>
    </div>
    <div
      className="css-51"
    >
      <input
        aria-disabled={false}
        aria-labelledby="Label1"
        aria-valuemax={100}
        aria-valuemin={0}
        aria-valuenow={3}
        autoComplete="off"
        className="ms-spinButton-input css-52"
        data-lpignore={true}
        id="input2"
        onBlur={[Function]}
        onChange={[Function]}
        onFocus={[Function]}
        onInput={[Function]}
        onKeyDown={[Function]}
        onKeyUp={[Function]}
        readOnly={false}
        role="spinbutton"
        type="text"
        value={3}
      />
      <span
        className="css-53"
      >
        <button
          checked={false}
          className="ms-Button ms-Button--icon ms-UpButton root-55"
          data-is-focusable={false}
          onClick={[Function]}
          onKeyDown={[Function]}
          onKeyPress={[Function]}
          onKeyUp={[Function]}
          onMouseDown={[Function]}
          onMouseLeave={[Function]}
          onMouseUp={[Function]}
          tabIndex={-1}
          type="button"
        >
          <div
            className="ms-Button-flexContainer flexContainer-56"
          >
            <i
              aria-hidden={true}
              className="ms-Button-icon icon-63"
              data-icon-name="ChevronUpSmall"
              role="presentation"
            />
          </div>
        </button>
        <button
          checked={false}
          className="ms-Button ms-Button--icon ms-DownButton root-55"
          data-is-focusable={false}
          onClick={[Function]}
          onKeyDown={[Function]}
          onKeyPress={[Function]}
          onKeyUp={[Function]}
          onMouseDown={[Function]}
          onMouseLeave={[Function]}
          onMouseUp={[Function]}
          tabIndex={-1}
          type="button"
        >
          <div
            className="ms-Button-flexContainer flexContainer-56"
          >
            <i
              aria-hidden={true}
              className="ms-Button-icon icon-63"
              data-icon-name="ChevronDownSmall"
              role="presentation"
            />
          </div>
        </button>
      </span>
    </div>
  </div>
</form>
`;
