// Jest Snapshot v1, https://goo.gl/fbAQLP

exports[`<FormikRating /> renders correctly as a field component 1`] = `
<form
  onReset={[Function]}
  onSubmit={[Function]}
>
  <div
    aria-label=""
    className="ms-Rating-star ms-RatingStar-root root-47 ms-RatingStar-root--small rootIsSmall-48"
    id="Rating1"
  >
    <div
      className="ms-FocusZone ms-Rating-focuszone ratingFocusZone-57 ms-RatingStar-root--small rootIsSmall-48"
      data-focuszone-id="FocusZone3"
      data-is-focusable={false}
      onFocus={[Function]}
      onKeyDown={[Function]}
      onMouseDownCapture={[Function]}
      role="presentation"
      tabIndex={-1}
    >
      <button
        className="ms-Rating-button ratingButton-53 ms-Rating--small ratingStarIsSmall-54"
        data-is-current={true}
        disabled={false}
        id="Rating1-star-0"
        onClick={[Function]}
        onFocus={[Function]}
        role="presentation"
        type="button"
      >
        <span
          className="ms-Rating-labelText labelText-56"
          id="RatingLabel2-1"
        >
          
        </span>
        <div
          className="ms-RatingStar-container ratingStar-50"
        >
          <i
            aria-hidden={true}
            className="ms-RatingStar-back ratingStarBack-58"
            data-icon-name="FavoriteStarFill"
            role="presentation"
          />
          <i
            aria-hidden={true}
            className="ms-RatingStar-front ratingStarFront-59"
            data-icon-name="FavoriteStarFill"
            role="presentation"
            style={
              Object {
                "width": "100%",
              }
            }
          />
        </div>
      </button>
      <button
        className="ms-Rating-button ratingButton-53 ms-Rating--small ratingStarIsSmall-54"
        disabled={false}
        id="Rating1-star-1"
        onClick={[Function]}
        onFocus={[Function]}
        role="presentation"
        type="button"
      >
        <span
          className="ms-Rating-labelText labelText-56"
          id="RatingLabel2-2"
        >
          
        </span>
        <div
          className="ms-RatingStar-container ratingStar-50"
        >
          <i
            aria-hidden={true}
            className="ms-RatingStar-back ratingStarBack-58"
            data-icon-name="FavoriteStarFill"
            role="presentation"
          />
          <i
            aria-hidden={true}
            className="ms-RatingStar-front ratingStarFront-59"
            data-icon-name="FavoriteStarFill"
            role="presentation"
            style={
              Object {
                "width": "0%",
              }
            }
          />
        </div>
      </button>
      <button
        className="ms-Rating-button ratingButton-53 ms-Rating--small ratingStarIsSmall-54"
        disabled={false}
        id="Rating1-star-2"
        onClick={[Function]}
        onFocus={[Function]}
        role="presentation"
        type="button"
      >
        <span
          className="ms-Rating-labelText labelText-56"
          id="RatingLabel2-3"
        >
          
        </span>
        <div
          className="ms-RatingStar-container ratingStar-50"
        >
          <i
            aria-hidden={true}
            className="ms-RatingStar-back ratingStarBack-58"
            data-icon-name="FavoriteStarFill"
            role="presentation"
          />
          <i
            aria-hidden={true}
            className="ms-RatingStar-front ratingStarFront-59"
            data-icon-name="FavoriteStarFill"
            role="presentation"
            style={
              Object {
                "width": "0%",
              }
            }
          />
        </div>
      </button>
      <button
        className="ms-Rating-button ratingButton-53 ms-Rating--small ratingStarIsSmall-54"
        disabled={false}
        id="Rating1-star-3"
        onClick={[Function]}
        onFocus={[Function]}
        role="presentation"
        type="button"
      >
        <span
          className="ms-Rating-labelText labelText-56"
          id="RatingLabel2-4"
        >
          
        </span>
        <div
          className="ms-RatingStar-container ratingStar-50"
        >
          <i
            aria-hidden={true}
            className="ms-RatingStar-back ratingStarBack-58"
            data-icon-name="FavoriteStarFill"
            role="presentation"
          />
          <i
            aria-hidden={true}
            className="ms-RatingStar-front ratingStarFront-59"
            data-icon-name="FavoriteStarFill"
            role="presentation"
            style={
              Object {
                "width": "0%",
              }
            }
          />
        </div>
      </button>
      <button
        className="ms-Rating-button ratingButton-53 ms-Rating--small ratingStarIsSmall-54"
        disabled={false}
        id="Rating1-star-4"
        onClick={[Function]}
        onFocus={[Function]}
        role="presentation"
        type="button"
      >
        <span
          className="ms-Rating-labelText labelText-56"
          id="RatingLabel2-5"
        >
          
        </span>
        <div
          className="ms-RatingStar-container ratingStar-50"
        >
          <i
            aria-hidden={true}
            className="ms-RatingStar-back ratingStarBack-58"
            data-icon-name="FavoriteStarFill"
            role="presentation"
          />
          <i
            aria-hidden={true}
            className="ms-RatingStar-front ratingStarFront-59"
            data-icon-name="FavoriteStarFill"
            role="presentation"
            style={
              Object {
                "width": "0%",
              }
            }
          />
        </div>
      </button>
    </div>
  </div>
</form>
`;
