// Jest Snapshot v1, https://goo.gl/fbAQLP

exports[`<FormikSlider /> renders correctly as a field component 1`] = `
<form
  onReset={[Function]}
  onSubmit={[Function]}
>
  <div
    className="ms-Slider ms-Slider-enabled ms-Slider-row root-47"
  >
    <label
      className="ms-Label titleLabel-57"
      htmlFor="Slider1"
    >
      Rating
    </label>
    <div
      className="ms-Slider-container container-49"
    >
      <div
        aria-disabled={false}
        aria-label="Rating"
        aria-valuemax={10}
        aria-valuemin={0}
        aria-valuenow={3}
        className="ms-Slider-slideBox ms-Slider-showValue ms-Slider-showTransitions slideBox-50"
        data-is-focusable={true}
        id="Slider1"
        onKeyDown={[Function]}
        onMouseDown={[Function]}
        onTouchStart={[Function]}
        role="slider"
        tabIndex={0}
      >
        <div
          className="ms-Slider-line line-52"
        >
          <span
            className="ms-Slider-thumb thumb-51"
            style={
              Object {
                "left": "30%",
              }
            }
          />
          <span
            className="lineContainer-53 ms-Slider-active activeSection-54"
            style={
              Object {
                "width": "30%",
              }
            }
          />
          <span
            className="lineContainer-53 ms-Slider-inactive inactiveSection-55"
            style={
              Object {
                "width": "70%",
              }
            }
          />
        </div>
      </div>
      <label
        className="ms-Label ms-Slider-value valueLabel-58"
      >
        3
      </label>
    </div>
  </div>
</form>
`;
